ASxxxx Linker V03.00 + NoICE + sdld,  page 1.
Hexadecimal  [32-Bits]

Area                                    Addr        Size        Decimal Bytes (Attributes)
--------------------------------        ----        ----        ------- ----- ------------
.  .ABS.                            00000000    00000000 =           0. bytes (ABS,CON)

      Value  Global                              Global Defined In Module
      -----  --------------------------------   ------------------------
     00000000  .__.ABS.                           cpct_strings
     00000000  _mappk2_size_z                     
     00000000  _mappk3_size_z                     
     00000000  _mappk4_size_z                     
     00000000  _mappk5_size_z                     
     00000000  _mappk6_size_z                     
     00000000  _mappk7_size_z                     
     00000000  _mappk8_size_z                     
     00000000  _mappk9_size_z                     
     00000000  l__CABS                         
     00000000  l__DABS                         
     00000000  l__GSFINAL                      
     00000000  l__GSINIT                       
     00000000  l__HOME                         
     00000000  l__INITIALIZED                  
     00000000  l__INITIALIZER                  
     00000000  l__g_maskTable_                 
     00000000  s__CABS                         
     00000000  s__DABS                         
     00000000  s__g_maskTable_                 
     00000000  s__g_maskTable_0                
     000000B2  l__DATA                         
     00000100  l__g_maskTable_0                
     000001AE  _mappk10_size_z                    
     0000020C  _mappk11_size_z                    
     0000027A  _mappk0_size_z                     
     000002A1  _mappk1_size_z                     
     00000690  _mappk0_size                       
     00000690  _mappk10_size                      
     00000690  _mappk11_size                      
     00000690  _mappk1_size                       
     00000690  _mappk2_size                       
     00000690  _mappk3_size                       
     00000690  _mappk4_size                       
     00000690  _mappk5_size                       
     00000690  _mappk6_size                       
     00000690  _mappk7_size                       
     00000690  _mappk8_size                       
     00000690  _mappk9_size                       
     00001601  s__CODE                         
     000032B9  l__CODE                         
     00004404  l__CSEG                         
     000048BA  s__DATA                         
     0000496C  s__CSEG                         
     0000496C  s__GSFINAL                      
     0000496C  s__GSINIT                       
     0000496C  s__HOME                         
     0000496C  s__INITIALIZED                  
     0000496C  s__INITIALIZER                  

ASxxxx Linker V03.00 + NoICE + sdld,  page 2.
Hexadecimal  [32-Bits]

Area                                    Addr        Size        Decimal Bytes (Attributes)
--------------------------------        ----        ----        ------- ----- ------------
_CODE                               00001601    000032B9 =       12985. bytes (REL,CON)

      Value  Global                              Global Defined In Module
      -----  --------------------------------   ------------------------
     00001601  _g_magic_0                         magic
     00001621  _g_magic_1                         magic
     00001641  _g_magic_2                         magic
     00001661  _g_magic_3                         magic
     00001681  _g_goldframe_0                     goldframe
     00001693  _g_goldframe_1                     goldframe
     000016A5  _g_goldframe_2                     goldframe
     000016B7  _g_logo_0                          logo
     00001C2F  _g_logo_1                          logo
     000021A7  _g_wizard_0                        wizard
     000021E3  _g_wizard_1                        wizard
     0000221F  _g_wizard_2                        wizard
     0000225B  _g_wizard_3                        wizard
     00002297  _g_witch_0                         witch
     000022D3  _g_witch_1                         witch
     0000230F  _g_witch_2                         witch
     0000234B  _g_witch_3                         witch
     00002387  _g_door_0                          door
     000023C3  _g_door_1                          door
     000023FF  _g_bat_0                           bat
     0000243B  _g_bat_1                           bat
     00002477  _g_ghost_0                         ghost
     000024B3  _g_ghost_1                         ghost
     000024EF  _g_ghost_2                         ghost
     0000252B  _g_ghost_3                         ghost
     00002567  _g_ghost_4                         ghost
     000025A3  _g_ghost_5                         ghost
     000025DF  _g_ghost_6                         ghost
     0000261B  _g_ghost_7                         ghost
     00002657  _g_knight_0                        knight
     00002693  _g_knight_1                        knight
     000026CF  _g_knight_2                        knight
     0000270B  _g_knight_3                        knight
     00002747  _g_knight_4                        knight
     00002783  _g_knight_5                        knight
     000027BF  _g_knight_6                        knight
     000027FB  _g_knight_7                        knight
     00002837  _g_sentinel_0                      sentinel
     00002873  _g_sentinel_1                      sentinel
     000028AF  _g_sentinel_2                      sentinel
     000028EB  _g_sentinel_3                      sentinel
     00002927  _g_sentinel_4                      sentinel
     00002963  _g_sentinel_5                      sentinel
     0000299F  _g_sentinel_6                      sentinel
     000029DB  _g_sentinel_7                      sentinel
     00002A17  _g_sorcerer2_00                    sorcerer2
     00002A53  _g_sorcerer2_01                    sorcerer2
     00002A8F  _g_sorcerer2_02                    sorcerer2
     00002ACB  _g_sorcerer2_03                    sorcerer2
     00002B07  _g_sorcerer2_04                    sorcerer2
ASxxxx Linker V03.00 + NoICE + sdld,  page 3.
Hexadecimal  [32-Bits]

Area                                    Addr        Size        Decimal Bytes (Attributes)
--------------------------------        ----        ----        ------- ----- ------------
_CODE                               00001601    000032B9 =       12985. bytes (REL,CON)

      Value  Global                              Global Defined In Module
      -----  --------------------------------   ------------------------
     00002B43  _g_sorcerer2_05                    sorcerer2
     00002B7F  _g_sorcerer2_06                    sorcerer2
     00002BBB  _g_sorcerer2_07                    sorcerer2
     00002BF7  _g_sorcerer2_08                    sorcerer2
     00002C33  _g_sorcerer2_09                    sorcerer2
     00002C6F  _g_sorcerer1_00                    sorcerer1
     00002CAB  _g_sorcerer1_01                    sorcerer1
     00002CE7  _g_sorcerer1_02                    sorcerer1
     00002D23  _g_sorcerer1_03                    sorcerer1
     00002D5F  _g_sorcerer1_04                    sorcerer1
     00002D9B  _g_sorcerer1_05                    sorcerer1
     00002DD7  _g_sorcerer1_06                    sorcerer1
     00002E13  _g_sorcerer1_07                    sorcerer1
     00002E4F  _g_sorcerer1_08                    sorcerer1
     00002E8B  _g_sorcerer1_09                    sorcerer1
     00002EC7  _g_palette                         tiles
     00002ED7  _g_tileset                         tiles
     00002FC7  _g_tiles_000                       tiles
     00002FCF  _g_tiles_001                       tiles
     00002FD7  _g_tiles_002                       tiles
     00002FDF  _g_tiles_003                       tiles
     00002FE7  _g_tiles_004                       tiles
     00002FEF  _g_tiles_005                       tiles
     00002FF7  _g_tiles_006                       tiles
     00002FFF  _g_tiles_007                       tiles
     00003007  _g_tiles_008                       tiles
     0000300F  _g_tiles_009                       tiles
     00003017  _g_tiles_010                       tiles
     0000301F  _g_tiles_011                       tiles
     00003027  _g_tiles_012                       tiles
     0000302F  _g_tiles_013                       tiles
     00003037  _g_tiles_014                       tiles
     0000303F  _g_tiles_015                       tiles
     00003047  _g_tiles_016                       tiles
     0000304F  _g_tiles_017                       tiles
     00003057  _g_tiles_018                       tiles
     0000305F  _g_tiles_019                       tiles
     00003067  _g_tiles_020                       tiles
     0000306F  _g_tiles_021                       tiles
     00003077  _g_tiles_022                       tiles
     0000307F  _g_tiles_023                       tiles
     00003087  _g_tiles_024                       tiles
     0000308F  _g_tiles_025                       tiles
     00003097  _g_tiles_026                       tiles
     0000309F  _g_tiles_027                       tiles
     000030A7  _g_tiles_028                       tiles
     000030AF  _g_tiles_029                       tiles
     000030B7  _g_tiles_030                       tiles
     000030BF  _g_tiles_031                       tiles
     000030C7  _g_tiles_032                       tiles
     000030CF  _g_tiles_033                       tiles
ASxxxx Linker V03.00 + NoICE + sdld,  page 4.
Hexadecimal  [32-Bits]

Area                                    Addr        Size        Decimal Bytes (Attributes)
--------------------------------        ----        ----        ------- ----- ------------
_CODE                               00001601    000032B9 =       12985. bytes (REL,CON)

      Value  Global                              Global Defined In Module
      -----  --------------------------------   ------------------------
     000030D7  _g_tiles_034                       tiles
     000030DF  _g_tiles_035                       tiles
     000030E7  _g_tiles_036                       tiles
     000030EF  _g_tiles_037                       tiles
     000030F7  _g_tiles_038                       tiles
     000030FF  _g_tiles_039                       tiles
     00003107  _g_tiles_040                       tiles
     0000310F  _g_tiles_041                       tiles
     00003117  _g_tiles_042                       tiles
     0000311F  _g_tiles_043                       tiles
     00003127  _g_tiles_044                       tiles
     0000312F  _g_tiles_045                       tiles
     00003137  _g_tiles_046                       tiles
     0000313F  _g_tiles_047                       tiles
     00003147  _g_tiles_048                       tiles
     0000314F  _g_tiles_049                       tiles
     00003157  _g_tiles_050                       tiles
     0000315F  _g_tiles_051                       tiles
     00003167  _g_tiles_052                       tiles
     0000316F  _g_tiles_053                       tiles
     00003177  _g_tiles_054                       tiles
     0000317F  _g_tiles_055                       tiles
     00003187  _g_tiles_056                       tiles
     0000318F  _g_tiles_057                       tiles
     00003197  _g_tiles_058                       tiles
     0000319F  _g_tiles_059                       tiles
     000031A7  _g_tiles_060                       tiles
     000031AF  _g_tiles_061                       tiles
     000031B7  _g_tiles_062                       tiles
     000031BF  _g_tiles_063                       tiles
     000031C7  _g_tiles_064                       tiles
     000031CF  _g_tiles_065                       tiles
     000031D7  _g_tiles_066                       tiles
     000031DF  _g_tiles_067                       tiles
     000031E7  _g_tiles_068                       tiles
     000031EF  _g_tiles_069                       tiles
     000031F7  _g_tiles_070                       tiles
     000031FF  _g_tiles_071                       tiles
     00003207  _g_tiles_072                       tiles
     0000320F  _g_tiles_073                       tiles
     00003217  _g_tiles_074                       tiles
     0000321F  _g_tiles_075                       tiles
     00003227  _g_tiles_076                       tiles
     0000322F  _g_tiles_077                       tiles
     00003237  _g_tiles_078                       tiles
     0000323F  _g_tiles_079                       tiles
     00003247  _g_tiles_080                       tiles
     0000324F  _g_tiles_081                       tiles
     00003257  _g_tiles_082                       tiles
     0000325F  _g_tiles_083                       tiles
     00003267  _g_tiles_084                       tiles
ASxxxx Linker V03.00 + NoICE + sdld,  page 5.
Hexadecimal  [32-Bits]

Area                                    Addr        Size        Decimal Bytes (Attributes)
--------------------------------        ----        ----        ------- ----- ------------
_CODE                               00001601    000032B9 =       12985. bytes (REL,CON)

      Value  Global                              Global Defined In Module
      -----  --------------------------------   ------------------------
     0000326F  _g_tiles_085                       tiles
     00003277  _g_tiles_086                       tiles
     0000327F  _g_tiles_087                       tiles
     00003287  _g_tiles_088                       tiles
     0000328F  _g_tiles_089                       tiles
     00003297  _g_tiles_090                       tiles
     0000329F  _g_tiles_091                       tiles
     000032A7  _g_tiles_092                       tiles
     000032AF  _g_tiles_093                       tiles
     000032B7  _g_tiles_094                       tiles
     000032BF  _g_tiles_095                       tiles
     000032C7  _g_tiles_096                       tiles
     000032CF  _g_tiles_097                       tiles
     000032D7  _g_tiles_098                       tiles
     000032DF  _g_tiles_099                       tiles
     000032E7  _g_tiles_100                       tiles
     000032EF  _g_tiles_101                       tiles
     000032F7  _g_tiles_102                       tiles
     000032FF  _g_tiles_103                       tiles
     00003307  _g_tiles_104                       tiles
     0000330F  _g_tiles_105                       tiles
     00003317  _g_tiles_106                       tiles
     0000331F  _g_tiles_107                       tiles
     00003327  _g_tiles_108                       tiles
     0000332F  _g_tiles_109                       tiles
     00003337  _g_tiles_110                       tiles
     0000333F  _g_tiles_111                       tiles
     00003347  _g_tiles_112                       tiles
     0000334F  _g_tiles_113                       tiles
     00003357  _g_tiles_114                       tiles
     0000335F  _g_tiles_115                       tiles
     00003367  _g_tiles_116                       tiles
     0000336F  _g_tiles_117                       tiles
     00003377  _g_tiles_118                       tiles
     0000337F  _g_tiles_119                       tiles
     00003387  _mappk11                           
     00003592  _mappk11_end                       
     00003593  _mappk10                           
     00003740  _mappk10_end                       
     00003741  _mappk1                            
     00003741  _mappk2                            
     00003741  _mappk3                            
     00003741  _mappk4                            
     00003741  _mappk5                            
     00003741  _mappk6                            
     00003741  _mappk7                            
     00003741  _mappk8                            
     00003741  _mappk9                            
     000039E1  _mappk1_end                        
     000039E2  _mappk0                            
     00003C5B  _mappk0_end                        
ASxxxx Linker V03.00 + NoICE + sdld,  page 6.
Hexadecimal  [32-Bits]

Area                                    Addr        Size        Decimal Bytes (Attributes)
--------------------------------        ----        ----        ------- ----- ------------
_CODE                               00001601    000032B9 =       12985. bytes (REL,CON)

      Value  Global                              Global Defined In Module
      -----  --------------------------------   ------------------------
     00003C5C  _dummy_cpct_transparentMaskTable   main
     00003C5C  _g_coin                            coin
     00003CA4  _g_dust                            dust
     00003CE4  _g_explosion                       explosion
     00003D5C  _g_font                            font
     0000417C  _g_objects                         objects
     0000437C  __divuint                          
     00004384  __divuchar                         
     0000438B  __divu8                            
     0000438E  __divu16                           
     000043BD  _cpct_setPalette                   cpct_video
     000043D4  _cpct_isKeyPressed                 cpct_keyboard
     000043D4  cpct_isKeyPressed_asm              cpct_keyboard
     000043E0  _cpct_scanKeyboard_f               cpct_keyboard
     000043E0  cpct_scanKeyboard_f_asm            cpct_keyboard
     0000444A  _cpct_setPALColour                 cpct_video
     00004456  _cpct_drawSprite                   cpct_sprites
     000044FB  _cpct_etm_drawTileBox2x4           cpct_easytilemaps
     0000458A  _cpct_etm_setTileset2x4            cpct_easytilemaps
     0000458A  cpct_etm_setTileset2x4_asm         cpct_easytilemaps
     0000458E  _cpct_setSeed_lcg_u8               cpct_random
     0000458E  cpct_setSeed_lcg_u8_asm            cpct_random
     00004593  _cpct_keyboardStatusBuffer         cpct_keyboard
     0000459D  _cpct_etm_drawTileRow2x4           cpct_easytilemaps
     000045A4  cpct_etm_drawTileRow2x4_asm        cpct_easytilemaps
     000045A6  dtr_restore_ptileset               cpct_easytilemaps
     000045BE  _cpct_getRandom_lcg_u8             cpct_random
     000045BE  cpct_getRandom_lcg_u8_asm          cpct_random
     000045BF  cpct_randlcgu8_seed                cpct_random
     000045CF  _cpct_isAnyKeyPressed              cpct_keyboard
     000045CF  cpct_isAnyKeyPressed_asm           cpct_keyboard
     000045DC  _cpct_scanKeyboard_if              cpct_keyboard
     000045DC  cpct_scanKeyboard_if_asm           cpct_keyboard
     00004644  _cpct_zx7b_decrunch_s              cpct_compression
     00004687  _cpct_waitVSYNC                    cpct_video
     00004687  cpct_waitVSYNC_asm                 cpct_video
     0000468F  _cpct_setVideoMode                 cpct_video
     0000469D  _cpct_px2byteM0                    cpct_sprites
     000046B9  _cpct_memset                       cpct_memutils
     000046C7  _cpct_disableFirmware              cpct_firmware
     000046C7  _cpct_removeInterruptHandler       cpct_firmware
     000046C7  cpct_disableFirmware_asm           cpct_firmware
     000046C7  cpct_removeInterruptHandler_asm    cpct_firmware
     000046D7  _cpct_drawSolidBox                 cpct_sprites
     0000477E  cpct_drawTileAligned2x4_f_asm      cpct_sprites
     0000479F  __modschar                         
     000047AC  __modsint                          
     000047B8  _cpct_mode_rom_status              cpct_firmware
     000047B9  _cpct_getScreenPtr                 cpct_video
     000047CF  _cpct_drawSpriteMaskedAlignedTab   cpct_sprites
     0000480A  _cpct_scanKeyboard                 cpct_keyboard
ASxxxx Linker V03.00 + NoICE + sdld,  page 7.
Hexadecimal  [32-Bits]

Area                                    Addr        Size        Decimal Bytes (Attributes)
--------------------------------        ----        ----        ------- ----- ------------
_CODE                               00001601    000032B9 =       12985. bytes (REL,CON)

      Value  Global                              Global Defined In Module
      -----  --------------------------------   ------------------------
     0000480A  cpct_scanKeyboard_asm              cpct_keyboard
     0000483B  _cpct_setInterruptHandler          cpct_firmware
     0000483B  cpct_setInterruptHandler_asm       cpct_firmware
     0000484C  cpct_safeInterruptHandlerHook      cpct_firmware
     00004862  __divsint                          
     0000486B  __divschar                         
     00004872  __div8                             
     00004876  __div_signexte                     
     0000487A  __div16                            
     000048A0  __get_remainder                    
     000048AA  dc_mode0_ct                        cpct_strings
     00013740  _mappk2_end                        
     00013740  _mappk3_end                        
     00013740  _mappk4_end                        
     00013740  _mappk5_end                        
     00013740  _mappk6_end                        
     00013740  _mappk7_end                        
     00013740  _mappk8_end                        
     00013740  _mappk9_end                        
ASxxxx Linker V03.00 + NoICE + sdld,  page 8.
Hexadecimal  [32-Bits]

Area                                    Addr        Size        Decimal Bytes (Attributes)
--------------------------------        ----        ----        ------- ----- ------------
_DATA                               000048BA    000000B2 =         178. bytes (REL,CON)

      Value  Global                              Global Defined In Module
      -----  --------------------------------   ------------------------
     000048BA  _nMap                              main
     000048BB  _lastNMap                          main
     000048BC  _lName                             main
     000048BE  _TwoPlayers                        main
     000048BF  _score                             main
     000048C3  _highScore                         main
     000048C5  _potScore                          main
     000048C7  _coinScore                         main
     000048C9  _doorKey                           main
     000048CE  _playerKey                         main
     000048D3  _storeX                            main
     000048D4  _storeY                            main
     000048D5  _enemyTurn                         main
     000048D6  _ctInactivity                      main
     000048D8  _turboMode                         main
     000048D9  _nTip                              main
     000048DA  _ctWizardAnim                      main
     000048DB  _ctMainLoop                        main
     000048DD  _ctlUp                             main
     000048E1  _ctlDown                           main
     000048E5  _ctlLeft                           main
     000048E9  _ctlRight                          main
     000048ED  _ctlAbort                          main
     000048EF  _ctlMusic                          main
     000048F1  _ctlPause                          main
     000048F3  _spr                               main
     0000495C  _sht                               main
     00004961  _nObj                              main
     00004963  _objX                              main
     00004965  _objY                              main
     00004967  _nPObj                             main
     00004968  _enum_dir                          main
     00004969  _enum_sta                          main
     0000496A  _enum_mov                          main

ASxxxx Linker V03.00 + NoICE + sdld,  page 9.
Hexadecimal  [32-Bits]

Area                                    Addr        Size        Decimal Bytes (Attributes)
--------------------------------        ----        ----        ------- ----- ------------
_g_maskTable_0                      00000000    00000100 =         256. bytes (ABS,CON)

      Value  Global                              Global Defined In Module
      -----  --------------------------------   ------------------------
     00000100  _g_maskTable                       main

ASxxxx Linker V03.00 + NoICE + sdld,  page 10.
Hexadecimal  [32-Bits]

Area                                    Addr        Size        Decimal Bytes (Attributes)
--------------------------------        ----        ----        ------- ----- ------------
_CSEG                               0000496C    00004404 =       17412. bytes (REL,CON)

      Value  Global                              Global Defined In Module
      -----  --------------------------------   ------------------------
     0000496C  _Abs                               main
     00004977  _frmSorcerer1                      main
     00004987  _animUp_Sorcerer1                  main
     0000498B  _animDown_Sorcerer1                main
     0000498F  _animLeft_Sorcerer1                main
     00004993  _animRight_Sorcerer1               main
     00004997  _frmSorcerer2                      main
     000049A7  _animUp_Sorcerer2                  main
     000049AB  _animDown_Sorcerer2                main
     000049AF  _animLeft_Sorcerer2                main
     000049B3  _animRight_Sorcerer2               main
     000049B7  _frmSentinel                       main
     000049C7  _animUp_Sentinel                   main
     000049CB  _animDown_Sentinel                 main
     000049CF  _animLeft_Sentinel                 main
     000049D3  _animRight_Sentinel                main
     000049D7  _frmKnight                         main
     000049E7  _animUp_Knight                     main
     000049EB  _animDown_Knight                   main
     000049EF  _animLeft_Knight                   main
     000049F3  _animRight_Knight                  main
     000049F7  _frmGhost                          main
     00004A07  _animUp_Ghost                      main
     00004A0B  _animDown_Ghost                    main
     00004A0F  _animLeft_Ghost                    main
     00004A13  _animRight_Ghost                   main
     00004A17  _frmBat                            main
     00004A1B  _anim_Bat                          main
     00004A1F  _frmWitch                          main
     00004A27  _animLeft_Witch                    main
     00004A2B  _animRight_Witch                   main
     00004A2F  _Strlen                            main
     00004A3C  _Itoa                              main
     00004B6A  _Pause                             main
     00004B76  _Interrupt                         main
     00004B8C  _ClearScreen                       main
     00004BA1  _GetTileNum                        main
     00004BE0  _OnBackground                      main
     00004C01  _PrintMap                          main
     00004C17  _PrintNumber                       main
     00004CE6  _PrintText                         main
     00004D89  _PrintFrame                        main
     00004FC8  _PrintSmallBlueBox                 main
     00005000  _PrintLevelInfo                    main
     0000508D  _PrintEndGame                      main
     000051E5  _PrintTip                          main
     000053E2  _ReturnKeyPressed                  main
     00005425  _Wait4Key                          main
     00005442  _RedefineKey                       main
     00005463  _RefreshHighScore                  main
ASxxxx Linker V03.00 + NoICE + sdld,  page 11.
Hexadecimal  [32-Bits]

Area                                    Addr        Size        Decimal Bytes (Attributes)
--------------------------------        ----        ----        ------- ----- ------------
_CSEG                               0000496C    00004404 =       17412. bytes (REL,CON)

      Value  Global                              Global Defined In Module
      -----  --------------------------------   ------------------------
     00005481  _InitScoreboard                    main
     000055EC  _RefreshScoreboard                 main
     00005705  _ResetObjData                      main
     0000575C  _PrintObject                       main
     00005792  _DeleteObject                      main
     00005806  _PrintDust                         main
     0000584A  _PrintCoin                         main
     00005890  _DeleteObjectInStore               main
     000058CC  _PrintObjectInStore                main
     000058FF  _CheckObject                       main
     00005AB0  _ObjectCollision                   main
     00005B5D  _ReprintObject                     main
     00005DF7  _SetObject                         main
     00005F45  _AddObjectToScoreboard             main
     00005F77  _PrintKey                          main
     00005F9B  _CompareKeys                       main
     00005FD3  _CheckActiveTile                   main
     0000620A  _PrintSprite                       main
     00006239  _DeleteSprite                      main
     000062AA  _AssignFrame                       main
     000062EE  _SelectFrame                       main
     00006564  _PrintExplosion                    main
     000065AA  _ExplodeSprite                     main
     0000666F  _SpriteCollision                   main
     00006740  _MoveUp                            main
     000067CD  _MoveDown                          main
     0000686D  _MoveLeft                          main
     000068F7  _MoveRight                         main
     0000697E  _WalkIn                            main
     000069A5  _Stop                              main
     00006A89  _WalkAnim                          main
     00006ACD  _Walk                              main
     00006C2A  _RunStatus                         main
     00006C40  _PlayerLoop                        main
     00006CC0  _ExplodePlayerInDuel               main
     00006D2B  _MakeDuel                          main
     000070CB  _CheckDuel                         main
     0000711C  _MakeShot                          main
     0000715B  _DeleteShot                        main
     000071C4  _PrintShot                         main
     000071EE  _MoveShot                          main
     00007227  _PrintWizard                       main
     00007268  _WizardAnim                        main
     00007321  _MakeWizardAnim                    main
     0000737D  _MoveEnemy                         main
     0000780D  _SetEnemyParams                    main
     0000787F  _SetEnemies                        main
     00008216  _CheckEnemyCollision               main
     00008357  _EnemyLoop                         main
     000083BE  _PrintStartMenu                    main
     0000859F  _PrintObjInfo                      main
ASxxxx Linker V03.00 + NoICE + sdld,  page 12.
Hexadecimal  [32-Bits]

Area                                    Addr        Size        Decimal Bytes (Attributes)
--------------------------------        ----        ----        ------- ----- ------------
_CSEG                               0000496C    00004404 =       17412. bytes (REL,CON)

      Value  Global                              Global Defined In Module
      -----  --------------------------------   ------------------------
     000087A9  _StartMenu                         main
     0000896E  _InitValues                        main
     000089B6  _ResetData                         main
     00008A44  _InitGame                          main
     00008A95  _GameOver                          main
     00008BDE  _main                              main

ASxxxx Linker V03.00 + NoICE + sdld,  page 13.

Files Linked                              [ module(s) ]

obj/gfx/magic.rel                         [ magic ]
obj/gfx/goldframe.rel                     [ goldframe ]
obj/gfx/logo.rel                          [ logo ]
obj/sprites/wizard.rel                    [ wizard ]
obj/sprites/witch.rel                     [ witch ]
obj/sprites/door.rel                      [ door ]
obj/sprites/bat.rel                       [ bat ]
obj/sprites/ghost.rel                     [ ghost ]
obj/sprites/knight.rel                    [ knight ]
obj/sprites/sentinel.rel                  [ sentinel ]
obj/sprites/sorcerer2.rel                 [ sorcerer2 ]
obj/sprites/sorcerer1.rel                 [ sorcerer1 ]
obj/gfx/tiles.rel                         [ tiles ]
obj/map/mappk11.rel                       [  ]
obj/map/mappk10.rel                       [  ]
obj/map/mappk9.rel                        [  ]
obj/map/mappk8.rel                        [  ]
obj/map/mappk7.rel                        [  ]
obj/map/mappk6.rel                        [  ]
obj/map/mappk5.rel                        [  ]
obj/map/mappk4.rel                        [  ]
obj/map/mappk3.rel                        [  ]
obj/map/mappk2.rel                        [  ]
obj/map/mappk1.rel                        [  ]
obj/map/mappk0.rel                        [  ]
obj/main.rel                              [ main ]
obj/sprites/coin.rel                      [ coin ]
obj/sprites/dust.rel                      [ dust ]
obj/sprites/explosion.rel                 [ explosion ]
obj/gfx/font.rel                          [ font ]
obj/gfx/objects.rel                       [ objects ]
obj/map/mappk0.h.rel                      [  ]
obj/map/mappk10.h.rel                     [  ]
obj/map/mappk11.h.rel                     [  ]
obj/map/mappk1.h.rel                      [  ]
obj/map/mappk2.h.rel                      [  ]
obj/map/mappk3.h.rel                      [  ]
obj/map/mappk4.h.rel                      [  ]
obj/map/mappk5.h.rel                      [  ]
obj/map/mappk6.h.rel                      [  ]
obj/map/mappk7.h.rel                      [  ]
obj/map/mappk8.h.rel                      [  ]
obj/map/mappk9.h.rel                      [  ]


Libraries Linked                          [ object file ]

/home/util01/AMSTRAD/cpctelera-development/cpctelera/tools/sdcc-3.6.8-r9946/bin/../share/sdcc/lib/z80/z80.lib
                                          [ divunsigned.rel ]
/home/util01/AMSTRAD/cpctelera-development/cpctelera/cpctelera.lib
                                          [ cpct_setPalette_cbindings.rel ]
/home/util01/AMSTRAD/cpctelera-development/cpctelera/cpctelera.lib
                                          [ cpct_isKeyPressed.rel ]
/home/util01/AMSTRAD/cpctelera-development/cpctelera/cpctelera.lib
                                          [ cpct_scanKeyboard_f.rel ]
/home/util01/AMSTRAD/cpctelera-development/cpctelera/cpctelera.lib
                                          [ cpct_setPALColour_cbindings.rel ]
/home/util01/AMSTRAD/cpctelera-development/cpctelera/cpctelera.lib
                                          [ cpct_drawSprite_cbindings.rel ]
/home/util01/AMSTRAD/cpctelera-development/cpctelera/cpctelera.lib
                                          [ cpct_etm_drawTileBox2x4_cbinding ]
/home/util01/AMSTRAD/cpctelera-development/cpctelera/cpctelera.lib
                                          [ cpct_etm_setTileset2x4.rel ]
/home/util01/AMSTRAD/cpctelera-development/cpctelera/cpctelera.lib
                                          [ cpct_setSeed_lcg_u8.rel ]
/home/util01/AMSTRAD/cpctelera-development/cpctelera/cpctelera.lib
                                          [ keyboard.rel ]
/home/util01/AMSTRAD/cpctelera-development/cpctelera/cpctelera.lib
                                          [ cpct_etm_drawTileRow2x4.rel ]
/home/util01/AMSTRAD/cpctelera-development/cpctelera/cpctelera.lib
                                          [ cpct_getRandom_lcg_u8.rel ]
/home/util01/AMSTRAD/cpctelera-development/cpctelera/cpctelera.lib
                                          [ cpct_isAnyKeyPressed.rel ]
/home/util01/AMSTRAD/cpctelera-development/cpctelera/cpctelera.lib
                                          [ cpct_scanKeyboard_if.rel ]
/home/util01/AMSTRAD/cpctelera-development/cpctelera/cpctelera.lib
                                          [ cpct_zx7b_decrunch_s_cbindings.r ]
/home/util01/AMSTRAD/cpctelera-development/cpctelera/cpctelera.lib
                                          [ cpct_waitVSYNC.rel ]
/home/util01/AMSTRAD/cpctelera-development/cpctelera/cpctelera.lib
                                          [ cpct_setVideoMode_cbindings.rel ]
/home/util01/AMSTRAD/cpctelera-development/cpctelera/cpctelera.lib
                                          [ cpct_px2byteM0_cbindings.rel ]
/home/util01/AMSTRAD/cpctelera-development/cpctelera/cpctelera.lib
                                          [ cpct_memset_cbinding.rel ]
/home/util01/AMSTRAD/cpctelera-development/cpctelera/cpctelera.lib
                                          [ cpct_removeInterruptHandler.rel ]
/home/util01/AMSTRAD/cpctelera-development/cpctelera/cpctelera.lib
                                          [ cpct_drawSolidBox_cbindings.rel ]
/home/util01/AMSTRAD/cpctelera-development/cpctelera/cpctelera.lib
                                          [ cpct_drawTileAligned2x4_f_asmbin ]
/home/util01/AMSTRAD/cpctelera-development/cpctelera/tools/sdcc-3.6.8-r9946/bin/../share/sdcc/lib/z80/z80.lib
                                          [ modsigned.rel ]
/home/util01/AMSTRAD/cpctelera-development/cpctelera/cpctelera.lib
                                          [ cpc_mode_rom_status.rel ]
/home/util01/AMSTRAD/cpctelera-development/cpctelera/cpctelera.lib
                                          [ cpct_getScreenPtr_cbindings.rel ]
/home/util01/AMSTRAD/cpctelera-development/cpctelera/cpctelera.lib
                                          [ cpct_drawSpriteMaskedAlignedTabl ]
/home/util01/AMSTRAD/cpctelera-development/cpctelera/cpctelera.lib
                                          [ cpct_scanKeyboard.rel ]
/home/util01/AMSTRAD/cpctelera-development/cpctelera/cpctelera.lib
                                          [ cpct_setInterruptHandler.rel ]
/home/util01/AMSTRAD/cpctelera-development/cpctelera/tools/sdcc-3.6.8-r9946/bin/../share/sdcc/lib/z80/z80.lib
                                          [ divsigned.rel ]
/home/util01/AMSTRAD/cpctelera-development/cpctelera/cpctelera.lib
                                          [ cpct_dc_mode0_ct.rel ]

ASxxxx Linker V03.00 + NoICE + sdld,  page 14.

User Base Address Definitions

_CODE = 0x1601
_DATA = 0x0000

